Microchip MPLAB XC8 Compiler V1.33 ()

Linker command line:

--edf=C:\Program Files (x86)\Microchip\xc8\v1.33\dat\en_msgs.txt -cs \
  -h+LE7-3.sym --cmf=LE7-3.cmf -z -Q16F877A \
  -oC:\Users\cvsaniel\AppData\Local\Temp\sd94.6 -MLE7-3.map -E1 -ver=XC8 \
  -ASTACK=0110h-016fh -pstack=STACK -ACONST=00h-0FFhx32 -ACODE=00h-07FFhx4 \
  -ASTRCODE=00h-01FFFh -AENTRY=00h-0FFhx32 -ASTRING=00h-0FFhx32 \
  -ACOMMON=070h-07Fh -ABANK0=020h-06Fh -ABANK1=0A0h-0EFh \
  -ABANK2=0110h-016Fh -ABANK3=0190h-01EFh \
  -ARAM=020h-06Fh,0A0h-0EFh,0110h-016Fh,0190h-01EFh \
  -AABS1=020h-07Fh,0A0h-0EFh,0110h-016Fh,0190h-01EFh -ASFR0=00h-01Fh \
  -ASFR1=080h-09Fh -ASFR2=0100h-010Fh -ASFR3=0180h-018Fh \
  -preset_vec=00h,intentry,init,end_init -ppowerup=CODE -pcinit=CODE \
  -pfunctab=CODE -ACONFIG=02007h-02007h -pconfig=CONFIG -DCONFIG=2 \
  -AIDLOC=02000h-02003h -pidloc=IDLOC -DIDLOC=2 -AEEDATA=00h-0FFh/02100h \
  -peeprom_data=EEDATA -DEEDATA=2 -DCODE=2 -DSTRCODE=2 -DSTRING=2 -DCONST=2 \
  -DENTRY=2 -k startup.obj LE7-3.obj 

Object code version is 3.11

Machine type is 16F877A



                Name                               Link     Load   Length Selector   Space Scale
startup.obj     end_init                              0        0        3        0       0
                config                             2007     2007        1     400E       0
LE7-3.obj       cinit                               7F3      7F3        D      FE6       0
                text36                             17D0     17D0        8     2FA0       0
                text35                              8CD      8CD       26     119A       0
                text34                             17BB     17BB        7     2F76       0
                text33                              84E      84E        9     109C       0
                text32                             17C2     17C2        7     2F84       0
                text31                             17C9     17C9        7     2F92       0
                text30                              B24      B24       68     1648       0
                text29                              869      869       14     10D2       0
                text28                              87D      87D       19     10FA       0
                text27                              857      857       12     10AE       0
                text26                              896      896       1B     112C       0
                text25                              952      952       3E     12A4       0
                text24                              91E      91E       34     123C       0
                text23                               F8       F8       D9      1F0       0
                text22                              A12      A12       4F     1424       0
                text21                              C05      C05       8E     180A       0
                text20                              ABE      ABE       66     157C       0
                text19                              DC5      DC5       B3     1B8A       0
                text18                             17E0     17E0        F     2FC0       0
                text17                              8F3      8F3       2B     11E6       0
                text16                                4        4       21        8       0
                text15                              E78      E78       B8     1CF0       0
                text14                              1D1      1D1      109      3A2       0
                text13                              8B1      8B1       1C     1162       0
                text12                             17EF     17EF       11     2FDE       0
                text11                               25       25       D3       4A       0
                text10                              B8C      B8C       79     1718       0
                text9                               9D0      9D0       42     13A0       0
                text8                               A61      A61       5D     14C2       0
                text7                               990      990       40     1320       0
                text6                               C93      C93       99     1926       0
                text5                              17D8     17D8        8     2FB0       0
                text4                               D2C      D2C       99     1A58       0
                text3                               42E      42E      185      85C       0
                text2                               F30      F30       D0     1E60       0
                text1                               2DA      2DA      154      5B4       0
                maintext                            5B3      5B3      240      B66       0
                cstackBANK0                          20       20       50       20       1
                cstackCOMMON                         70       70        E       70       1
                cstackBANK1                          A0       A0       27       A0       1
                bssBANK1                             C7       C7        7       A0       1
                strings                             800      800       4C     1000       0

TOTAL           Name                               Link     Load   Length     Space
        CLASS   STACK          

        CLASS   CONST          

        CLASS   CODE           
                end_init                              0        0        3         0
                cinit                               7F3      7F3        D         0
                text36                             17D0     17D0        8         0
                text35                              8CD      8CD       26         0
                text34                             17BB     17BB        7         0
                text33                              84E      84E        9         0
                text32                             17C2     17C2        7         0
                text31                             17C9     17C9        7         0
                text30                              B24      B24       68         0
                text29                              869      869       14         0
                text28                              87D      87D       19         0
                text27                              857      857       12         0
                text26                              896      896       1B         0
                text25                              952      952       3E         0
                text24                              91E      91E       34         0
                text23                               F8       F8       D9         0
                text22                              A12      A12       4F         0
                text21                              C05      C05       8E         0
                text20                              ABE      ABE       66         0
                text19                              DC5      DC5       B3         0
                text18                             17E0     17E0        F         0
                text17                              8F3      8F3       2B         0
                text16                                4        4       21         0
                text15                              E78      E78       B8         0
                text14                              1D1      1D1      109         0
                text13                              8B1      8B1       1C         0
                text12                             17EF     17EF       11         0
                text11                               25       25       D3         0
                text10                              B8C      B8C       79         0
                text9                               9D0      9D0       42         0
                text8                               A61      A61       5D         0
                text7                               990      990       40         0
                text6                               C93      C93       99         0
                text5                              17D8     17D8        8         0
                text4                               D2C      D2C       99         0
                text3                               42E      42E      185         0
                text2                               F30      F30       D0         0
                text1                               2DA      2DA      154         0
                maintext                            5B3      5B3      240         0

        CLASS   STRCODE        

        CLASS   ENTRY          

        CLASS   STRING         
                strings                             800      800       4C         0

        CLASS   COMMON         
                cstackCOMMON                         70       70        E         1

        CLASS   BANK0          
                cstackBANK0                          20       20       50         1

        CLASS   BANK1          
                cstackBANK1                          A0       A0       27         1
                bssBANK1                             C7       C7        7         1

        CLASS   BANK2          

        CLASS   BANK3          

        CLASS   RAM            

        CLASS   ABS1           
                abs_s1                               7E       7E        2         1

        CLASS   SFR0           

        CLASS   SFR1           

        CLASS   SFR2           

        CLASS   SFR3           

        CLASS   CONFIG         
                config                             2007     2007        1         0

        CLASS   IDLOC          

        CLASS   EEDATA         



SEGMENTS        Name                           Load    Length   Top    Selector   Space  Class     Delta

                reset_vec                      000000  000003  000003         0       0  CODE        2
                text16                         000004  000021  000025         8       0  CODE        2
                cstackBANK0                    000020  000050  000070        20       1  BANK0       1
                text11                         000025  0000D3  0000F8        4A       0  CODE        2
                cstackCOMMON                   000070  00000E  00007E        70       1  COMMON      1
                cstackBANK1                    0000A0  00002E  0000CE        A0       1  BANK1       1
                text23                         0000F8  0000D9  0001D1       1F0       0  CODE        2
                text14                         0001D1  000109  0002DA       3A2       0  CODE        2
                text1                          0002DA  000154  00042E       5B4       0  CODE        2
                text3                          00042E  000185  0005B3       85C       0  CODE        2
                maintext                       0005B3  000240  0007F3       B66       0  CODE        2
                cinit                          0007F3  00000D  000800       FE6       0  CODE        2
                strings                        000800  00004C  00084C      1000       0  STRING      2
                text33                         00084E  000009  000857      109C       0  CODE        2
                text27                         000857  000012  000869      10AE       0  CODE        2
                text29                         000869  000014  00087D      10D2       0  CODE        2
                text28                         00087D  000019  000896      10FA       0  CODE        2
                text26                         000896  00001B  0008B1      112C       0  CODE        2
                text13                         0008B1  00001C  0008CD      1162       0  CODE        2
                text35                         0008CD  000026  0008F3      119A       0  CODE        2
                text17                         0008F3  00002B  00091E      11E6       0  CODE        2
                text24                         00091E  000034  000952      123C       0  CODE        2
                text25                         000952  00003E  000990      12A4       0  CODE        2
                text7                          000990  000040  0009D0      1320       0  CODE        2
                text9                          0009D0  000042  000A12      13A0       0  CODE        2
                text22                         000A12  00004F  000A61      1424       0  CODE        2
                text8                          000A61  00005D  000ABE      14C2       0  CODE        2
                text20                         000ABE  000066  000B24      157C       0  CODE        2
                text30                         000B24  000068  000B8C      1648       0  CODE        2
                text10                         000B8C  000079  000C05      1718       0  CODE        2
                text21                         000C05  00008E  000C93      180A       0  CODE        2
                text6                          000C93  000099  000D2C      1926       0  CODE        2
                text4                          000D2C  000099  000DC5      1A58       0  CODE        2
                text19                         000DC5  0000B3  000E78      1B8A       0  CODE        2
                text15                         000E78  0000B8  000F30      1CF0       0  CODE        2
                text2                          000F30  0000D0  001000      1E60       0  CODE        2
                text34                         0017BB  000007  0017C2      2F76       0  CODE        2
                text32                         0017C2  000007  0017C9      2F84       0  CODE        2
                text31                         0017C9  000007  0017D0      2F92       0  CODE        2
                text36                         0017D0  000008  0017D8      2FA0       0  CODE        2
                text5                          0017D8  000008  0017E0      2FB0       0  CODE        2
                text18                         0017E0  00000F  0017EF      2FC0       0  CODE        2
                text12                         0017EF  000011  001800      2FDE       0  CODE        2
                config                         002007  000001  002008      400E       0  CONFIG      2


UNUSED ADDRESS RANGES

        Name                Unused          Largest block    Delta
        BANK1            00CE-00EF             22           1
        BANK2            0110-016F             60           1
        BANK3            0190-01EF             60           1
        CODE             0003-0003              1           2
                         084C-084D              2
                         1000-17BA            7BB
                         1800-1FFF            800
        CONST            0003-0003              1           2
                         084C-084D              2
                         1000-17BA            100
                         1800-1FFF            100
        EEDATA           2100-21FF            100           2
        ENTRY            0003-0003              1           2
                         084C-084D              2
                         1000-17BA            100
                         1800-1FFF            100
        IDLOC            2000-2003              4           2
        RAM              00CE-00EF             22           1
                         0110-016F             60
                         0190-01EF             60
        SFR0             0000-001F             20           1
        SFR1             0080-009F             20           1
        SFR2             0100-010F             10           1
        SFR3             0180-018F             10           1
        STACK            0110-016F             60           1
        STRCODE          0003-0003              1           2
                         084C-084D              2
                         1000-17BA            7BB
                         1800-1FFF            800
        STRING           0003-0003              1           2
                         084C-084D              2
                         1000-17BA            100
                         1800-1FFF            100

                                  Symbol Table

?___altoft                  cstackBANK0  005B
?___awtoft                  cstackCOMMON 0078
?___ftadd                   cstackBANK0  0040
?___ftdiv                   cstackBANK0  0020
?___ftmul                   cstackBANK0  0030
?___ftneg                   cstackCOMMON 0070
?___ftpack                  cstackCOMMON 0070
?___ftsub                   cstackBANK0  004D
?___fttol                   cstackBANK0  004D
?___lltoft                  cstackCOMMON 0078
?___lwdiv                   cstackCOMMON 0070
?___lwmod                   cstackCOMMON 0078
?___lwtoft                  cstackCOMMON 0078
?_eval_poly                 cstackBANK0  004D
?_exp                       cstackBANK0  006C
?_floor                     cstackBANK0  0063
?_frexp                     cstackCOMMON 0070
?_ldexp                     cstackBANK0  0057
?_log                       cstackBANK0  0057
?_pow                       cstackBANK1  00A9
?_sprintf                   cstackBANK0  005B
I2C_Receive@ack             cstackCOMMON 0071
I2C_Receive@temp            cstackCOMMON 0072
I2C_Send@data               cstackCOMMON 0070
_ACKDT                      (abs)        048D
_ACKEN                      (abs)        048C
_I2C_Receive                text35       08CD
_I2C_RepeatedStart          text34       17BB
_I2C_Send                   text33       084E
_I2C_Start                  text32       17C2
_I2C_Stop                   text31       17C9
_I2C_Wait                   text36       17D0
_PEN                        (abs)        048A
_PORTB                      (abs)        0006
_PORTD                      (abs)        0008
_RCEN                       (abs)        048B
_RD0                        (abs)        0040
_RD1                        (abs)        0041
_RH                         bssBANK1     00CA
_RSEN                       (abs)        0489
_SEN                        (abs)        0488
_SSPADD                     (abs)        0093
_SSPBUF                     (abs)        0013
_SSPCON                     (abs)        0014
_SSPCON2                    (abs)        0091
_SSPSTAT                    (abs)        0094
_T                          bssBANK1     00C7
_TRISB                      (abs)        0086
_TRISC3                     (abs)        043B
_TRISC4                     (abs)        043C
_TRISD                      (abs)        0088
__CFG_BOREN$ON              (abs)        0000
__CFG_CP$OFF                (abs)        0000
__CFG_CPD$OFF               (abs)        0000
__CFG_FOSC$HS               (abs)        0000
__CFG_LVP$OFF               (abs)        0000
__CFG_PWRTE$ON              (abs)        0000
__CFG_WDTE$OFF              (abs)        0000
__CFG_WRT$OFF               (abs)        0000
__Habs1                     abs1         0000
__Hbank0                    bank0        0000
__Hbank1                    bank1        0000
__Hbank2                    bank2        0000
__Hbank3                    bank3        0000
__HbssBANK1                 bssBANK1     0000
__Hcinit                    cinit        0800
__Hclrtext                  clrtext      0000
__Hcode                     code         0000
__Hcommon                   common       0000
__Hconfig                   config       2008
__HcstackBANK0              cstackBANK0  0000
__HcstackBANK1              cstackBANK1  0000
__HcstackCOMMON             cstackCOMMON 0000
__Heeprom_data              eeprom_data  0000
__Hend_init                 end_init     0003
__Hfunctab                  functab      0000
__Hidloc                    idloc        0000
__Hinit                     init         0000
__Hintentry                 intentry     0000
__Hmaintext                 maintext     0000
__Hpowerup                  powerup      0000
__Hram                      ram          0000
__Hreset_vec                reset_vec    0000
__Hsfr0                     sfr0         0000
__Hsfr1                     sfr1         0000
__Hsfr2                     sfr2         0000
__Hsfr3                     sfr3         0000
__Hspace_0                  (abs)        2008
__Hspace_1                  (abs)        00CE
__Hspace_2                  (abs)        0000
__Hspace_3                  (abs)        0000
__Hstack                    stack        0000
__Hstrings                  strings      0000
__Htext                     text         0000
__Labs1                     abs1         0000
__Lbank0                    bank0        0000
__Lbank1                    bank1        0000
__Lbank2                    bank2        0000
__Lbank3                    bank3        0000
__LbssBANK1                 bssBANK1     0000
__Lcinit                    cinit        07F3
__Lclrtext                  clrtext      0000
__Lcode                     code         0000
__Lcommon                   common       0000
__Lconfig                   config       2007
__LcstackBANK0              cstackBANK0  0000
__LcstackBANK1              cstackBANK1  0000
__LcstackCOMMON             cstackCOMMON 0000
__Leeprom_data              eeprom_data  0000
__Lend_init                 end_init     0000
__Lfunctab                  functab      0000
__Lidloc                    idloc        0000
__Linit                     init         0000
__Lintentry                 intentry     0000
__Lmaintext                 maintext     0000
__Lpowerup                  powerup      0000
__Lram                      ram          0000
__Lreset_vec                reset_vec    0000
__Lsfr0                     sfr0         0000
__Lsfr1                     sfr1         0000
__Lsfr2                     sfr2         0000
__Lsfr3                     sfr3         0000
__Lspace_0                  (abs)        0000
__Lspace_1                  (abs)        0000
__Lspace_2                  (abs)        0000
__Lspace_3                  (abs)        0000
__Lstack                    stack        0000
__Lstrings                  strings      0000
__Ltext                     text         0000
__S0                        (abs)        2008
__S1                        (abs)        00CE
__S2                        (abs)        0000
__S3                        (abs)        0000
___altoft                   text9        09D0
___altoft@c                 cstackBANK0  005B
___altoft@exp               cstackBANK0  0061
___altoft@sign              cstackBANK0  0062
___awtoft                   text16       0004
___awtoft@c                 cstackCOMMON 0078
___awtoft@sign              cstackCOMMON 007D
___bmul                     text12       17EF
___bmul@multiplicand        cstackCOMMON 0070
___bmul@multiplier          cstackCOMMON 0073
___bmul@product             cstackCOMMON 0072
___ftadd                    text14       01D1
___ftadd@exp1               cstackBANK0  004C
___ftadd@exp2               cstackBANK0  004B
___ftadd@f1                 cstackBANK0  0040
___ftadd@f2                 cstackBANK0  0043
___ftadd@sign               cstackBANK0  004A
___ftdiv                    text15       0E78
___ftdiv@cntr               cstackBANK0  002A
___ftdiv@exp                cstackBANK0  002E
___ftdiv@f1                 cstackBANK0  0023
___ftdiv@f2                 cstackBANK0  0020
___ftdiv@f3                 cstackBANK0  002B
___ftdiv@sign               cstackBANK0  002F
___ftge                     text8        0A61
___ftge@ff1                 cstackCOMMON 0070
___ftge@ff2                 cstackCOMMON 0073
___ftmul                    text11       0025
___ftmul@cntr               cstackBANK0  003E
___ftmul@exp                cstackBANK0  003A
___ftmul@f1                 cstackBANK0  0030
___ftmul@f2                 cstackBANK0  0033
___ftmul@f3_as_product      cstackBANK0  003B
___ftmul@sign               cstackBANK0  003F
___ftneg                    text5        17D8
___ftneg@f1                 cstackCOMMON 0070
___ftpack                   text30       0B24
___ftpack@arg               cstackCOMMON 0070
___ftpack@exp               cstackCOMMON 0073
___ftpack@sign              cstackCOMMON 0074
___ftsub                    text13       08B1
___ftsub@f1                 cstackBANK0  0050
___ftsub@f2                 cstackBANK0  004D
___fttol                    text21       0C05
___fttol@exp1               cstackBANK0  005A
___fttol@f1                 cstackBANK0  004D
___fttol@lval               cstackBANK0  0056
___fttol@sign1              cstackBANK0  0055
___int_sp                   stack        0000
___latbits                  (abs)        0002
___lltoft                   text17       08F3
___lltoft@c                 cstackCOMMON 0078
___lltoft@exp               cstackCOMMON 007D
___lwdiv                    text25       0952
___lwdiv@counter            cstackCOMMON 0077
___lwdiv@dividend           cstackCOMMON 0072
___lwdiv@divisor            cstackCOMMON 0070
___lwdiv@quotient           cstackCOMMON 0075
___lwmod                    text24       091E
___lwmod@counter            cstackCOMMON 007D
___lwmod@dividend           cstackCOMMON 007A
___lwmod@divisor            cstackCOMMON 0078
___lwtoft                   text29       0869
___lwtoft@c                 cstackCOMMON 0078
___sp                       stack        0000
__end_of_I2C_Receive        text35       08F3
__end_of_I2C_RepeatedStart  text34       17C2
__end_of_I2C_Send           text33       0857
__end_of_I2C_Start          text32       17C9
__end_of_I2C_Stop           text31       17D0
__end_of_I2C_Wait           text36       17D8
__end_of___altoft           text9        0A12
__end_of___awtoft           text16       0025
__end_of___bmul             text12       1800
__end_of___ftadd            text14       02DA
__end_of___ftdiv            text15       0F30
__end_of___ftge             text8        0ABE
__end_of___ftmul            text11       00F8
__end_of___ftneg            text5        17E0
__end_of___ftpack           text30       0B8C
__end_of___ftsub            text13       08CD
__end_of___fttol            text21       0C93
__end_of___lltoft           text17       091E
__end_of___lwdiv            text25       0990
__end_of___lwmod            text24       0952
__end_of___lwtoft           text29       087D
__end_of__initialization    cinit        07FC
__end_of__stringdata        strings      084C
__end_of__stringtab         strings      0806
__end_of_dataCtrl           text27       0869
__end_of_delay_ms           text28       0896
__end_of_dispRH             text22       0A61
__end_of_dispT              text20       0B24
__end_of_dpowers            strings      0810
__end_of_eval_poly          text10       0C05
__end_of_exp                text3        05B3
__end_of_floor              text6        0D2C
__end_of_frexp              text7        09D0
__end_of_initLCD            text19       0E78
__end_of_init_I2C_Master    text18       17EF
__end_of_instCtrl           text26       08B1
__end_of_ldexp              text4        0DC5
__end_of_log                text2        1000
__end_of_main               maintext     07F3
__end_of_pow                text1        042E
__end_of_sprintf            text23       01D1
__end_ofexp@coeff           strings      082E
__end_oflog@coeff           strings      0849
__initialization            cinit        07F3
__pbssBANK1                 bssBANK1     00C7
__pcstackBANK0              cstackBANK0  0020
__pcstackBANK1              cstackBANK1  00A0
__pcstackCOMMON             cstackCOMMON 0070
__pmaintext                 maintext     05B3
__pstrings                  strings      0800
__ptext1                    text1        02DA
__ptext10                   text10       0B8C
__ptext11                   text11       0025
__ptext12                   text12       17EF
__ptext13                   text13       08B1
__ptext14                   text14       01D1
__ptext15                   text15       0E78
__ptext16                   text16       0004
__ptext17                   text17       08F3
__ptext18                   text18       17E0
__ptext19                   text19       0DC5
__ptext2                    text2        0F30
__ptext20                   text20       0ABE
__ptext21                   text21       0C05
__ptext22                   text22       0A12
__ptext23                   text23       00F8
__ptext24                   text24       091E
__ptext25                   text25       0952
__ptext26                   text26       0896
__ptext27                   text27       0857
__ptext28                   text28       087D
__ptext29                   text29       0869
__ptext3                    text3        042E
__ptext30                   text30       0B24
__ptext31                   text31       17C9
__ptext32                   text32       17C2
__ptext33                   text33       084E
__ptext34                   text34       17BB
__ptext35                   text35       08CD
__ptext36                   text36       17D0
__ptext4                    text4        0D2C
__ptext5                    text5        17D8
__ptext6                    text6        0C93
__ptext7                    text7        0990
__ptext8                    text8        0A61
__ptext9                    text9        09D0
__size_of_I2C_Receive       (abs)        0000
__size_of_I2C_RepeatedStart (abs)        0000
__size_of_I2C_Send          (abs)        0000
__size_of_I2C_Start         (abs)        0000
__size_of_I2C_Stop          (abs)        0000
__size_of_I2C_Wait          (abs)        0000
__size_of___altoft          (abs)        0000
__size_of___awtoft          (abs)        0000
__size_of___bmul            (abs)        0000
__size_of___ftadd           (abs)        0000
__size_of___ftdiv           (abs)        0000
__size_of___ftge            (abs)        0000
__size_of___ftmul           (abs)        0000
__size_of___ftneg           (abs)        0000
__size_of___ftpack          (abs)        0000
__size_of___ftsub           (abs)        0000
__size_of___fttol           (abs)        0000
__size_of___lltoft          (abs)        0000
__size_of___lwdiv           (abs)        0000
__size_of___lwmod           (abs)        0000
__size_of___lwtoft          (abs)        0000
__size_of_dataCtrl          (abs)        0000
__size_of_delay_ms          (abs)        0000
__size_of_dispRH            (abs)        0000
__size_of_dispT             (abs)        0000
__size_of_eval_poly         (abs)        0000
__size_of_exp               (abs)        0000
__size_of_floor             (abs)        0000
__size_of_frexp             (abs)        0000
__size_of_initLCD           (abs)        0000
__size_of_init_I2C_Master   (abs)        0000
__size_of_instCtrl          (abs)        0000
__size_of_ldexp             (abs)        0000
__size_of_log               (abs)        0000
__size_of_main              (abs)        0000
__size_of_pow               (abs)        0000
__size_of_sprintf           (abs)        0000
__stringbase                strings      0805
__stringdata                strings      0849
__stringtab                 strings      0800
_dataCtrl                   text27       0857
_delay_ms                   text28       087D
_dispRH                     text22       0A12
_dispT                      text20       0ABE
_dpowers                    strings      0806
_errno                      bssBANK1     00CC
_eval_poly                  text10       0B8C
_exp                        text3        042E
_exp$440                    cstackBANK1  00A3
_exp$649                    cstackBANK1  00A0
_floor                      text6        0C93
_frexp                      text7        0990
_initLCD                    text19       0DC5
_init_I2C_Master            text18       17E0
_instCtrl                   text26       0896
_ldexp                      text4        0D2C
_ldexp$477                  cstackBANK0  005E
_log                        text2        0F30
_main                       maintext     05B3
_main$646                   cstackBANK1  00BD
_pow                        text1        02DA
_pow$647                    cstackBANK1  00B0
_pow$648                    cstackBANK1  00B3
_sprintf                    text23       00F8
btemp                       (abs)        007E
dataCtrl@DATA               cstackCOMMON 0073
delay_ms@cnt                cstackCOMMON 0070
dispRH@i                    cstackBANK1  00AA
dispRH@val                  cstackBANK1  00A0
dispT@i                     cstackBANK1  00AA
dispT@val                   cstackBANK1  00A0
end_of_initialization       cinit        07FC
eval_poly@d                 cstackBANK0  0050
eval_poly@n                 cstackBANK0  0051
eval_poly@res               cstackBANK0  0054
eval_poly@x                 cstackBANK0  004D
exp@coeff                   strings      0810
exp@exponent                cstackBANK1  00A6
exp@sign                    cstackBANK1  00A8
exp@x                       cstackBANK0  006C
floor@expon                 cstackBANK0  006A
floor@i                     cstackBANK0  0067
floor@x                     cstackBANK0  0063
frexp@eptr                  cstackCOMMON 0073
frexp@value                 cstackCOMMON 0070
instCtrl@INST               cstackCOMMON 0073
intlevel0                   functab      0000
intlevel1                   functab      0000
intlevel2                   functab      0000
intlevel3                   functab      0000
intlevel4                   functab      0000
intlevel5                   functab      0000
ldexp@newexp                cstackBANK0  005A
ldexp@value                 cstackBANK0  0057
log@coeff                   strings      082E
log@exponent                cstackBANK0  005B
log@x                       cstackBANK0  0057
ltemp                       (abs)        007E
ltemp0                      (abs)        007E
ltemp1                      (abs)        0082
ltemp2                      (abs)        0086
ltemp3                      (abs)        0080
main@RH_temp                cstackBANK1  00C2
main@T_temp                 cstackBANK1  00C4
main@res                    cstackBANK1  00C0
main@temp                   cstackBANK1  00C6
pow@sign                    cstackBANK1  00B6
pow@x                       cstackBANK1  00A9
pow@y                       cstackBANK1  00AC
pow@yi                      cstackBANK1  00B7
reset_vec                   reset_vec    0000
sprintf@_val                cstackBANK0  0064
sprintf@ap                  cstackBANK0  0061
sprintf@c                   cstackBANK0  0069
sprintf@f                   cstackBANK0  005B
sprintf@flag                cstackBANK0  0062
sprintf@prec                cstackBANK0  0063
sprintf@sp                  cstackBANK0  0068
stackhi                     (abs)        0000
stacklo                     (abs)        0000
start                       init         0000
start_initialization        cinit        07F3
ttemp                       (abs)        007E
ttemp0                      (abs)        007E
ttemp1                      (abs)        0081
ttemp2                      (abs)        0084
ttemp3                      (abs)        0087
ttemp4                      (abs)        007F
wtemp                       (abs)        007E
wtemp0                      (abs)        007E
wtemp1                      (abs)        0080
wtemp2                      (abs)        0082
wtemp3                      (abs)        0084
wtemp4                      (abs)        0086
wtemp5                      (abs)        0088
wtemp6                      (abs)        007F


FUNCTION INFORMATION:

 *************** function _main *****************
 Defined at:
		line 46 in file "Z:\CPE3201_SANIEL\PracticalActivities\PA7\LE7-3.c"
 Parameters:    Size  Location     Type
		None
 Auto vars:     Size  Location     Type
  T_temp          2   36[BANK1 ] unsigned int 
  RH_temp         2   34[BANK1 ] unsigned int 
  res             2   32[BANK1 ] int 
  temp            1   38[BANK1 ] unsigned char 
 Return value:  Size  Location     Type
		None               void
 Registers used:
		wreg, fsr0l, fsr0h, status,2, status,0, btemp+1, pclath, cstack
 Tracked objects:
		On entry : 
		On exit  : 
		Unchanged: 
 Data sizes:     COMMON   BANK0   BANK1   BANK3   BANK2
      Params:         0       0       0       0       0
      Locals:         0       0      10       0       0
      Temps:          0       0       2       0       0
      Totals:         0       0      12       0       0
Total ram usage:       12 bytes
 Hardware stack levels required when called:    5
 This function calls:
		_I2C_Receive
		_I2C_RepeatedStart
		_I2C_Send
		_I2C_Start
		_I2C_Stop
		___awtoft
		___ftadd
		___ftdiv
		___ftmul
		___fttol
		___lwtoft
		_delay_ms
		_dispRH
		_dispT
		_initLCD
		_init_I2C_Master
		_pow
 This function is called by:
		Startup code after reset
 This function uses a non-reentrant model


 *************** function _pow *****************
 Defined at:
		line 5 in file "C:\Program Files (x86)\Microchip\xc8\v1.33\sources\common\pow.c"
 Parameters:    Size  Location     Type
  x               3    9[BANK1 ] unsigned char 
  y               3   12[BANK1 ] unsigned char 
 Auto vars:     Size  Location     Type
  yi              4   23[BANK1 ] unsigned long 
  sign            1   22[BANK1 ] unsigned char 
 Return value:  Size  Location     Type
                  3    9[BANK1 ] unsigned char 
 Registers used:
		wreg, fsr0l, fsr0h, status,2, status,0, btemp+1, pclath, cstack
 Tracked objects:
		On entry : 
		On exit  : 
		Unchanged: 
 Data sizes:     COMMON   BANK0   BANK1   BANK3   BANK2
      Params:         0       0       6       0       0
      Locals:         0       0      11       0       0
      Temps:          0       0       1       0       0
      Totals:         0       0      18       0       0
Total ram usage:       18 bytes
 Hardware stack levels used:    1
 Hardware stack levels required when called:    4
 This function calls:
		___ftge
		___ftmul
		___ftneg
		___fttol
		___lltoft
		_exp
		_log
 This function is called by:
		_main
 This function uses a non-reentrant model


 *************** function _log *****************
 Defined at:
		line 5 in file "C:\Program Files (x86)\Microchip\xc8\v1.33\sources\common\log.c"
 Parameters:    Size  Location     Type
  x               3   55[BANK0 ] unsigned char 
 Auto vars:     Size  Location     Type
  exponent        2   59[BANK0 ] int 
 Return value:  Size  Location     Type
                  3   55[BANK0 ] int 
 Registers used:
		wreg, fsr0l, fsr0h, status,2, status,0, btemp+1, pclath, cstack
 Tracked objects:
		On entry : 
		On exit  : 
		Unchanged: 
 Data sizes:     COMMON   BANK0   BANK1   BANK3   BANK2
      Params:         0       3       0       0       0
      Locals:         0       2       0       0       0
      Temps:          0       1       0       0       0
      Totals:         0       6       0       0       0
Total ram usage:        6 bytes
 Hardware stack levels used:    1
 Hardware stack levels required when called:    3
 This function calls:
		___awtoft
		___ftadd
		___ftge
		___ftmul
		_eval_poly
		_frexp
 This function is called by:
		_pow
 This function uses a non-reentrant model


 *************** function _exp *****************
 Defined at:
		line 12 in file "C:\Program Files (x86)\Microchip\xc8\v1.33\sources\common\exp.c"
 Parameters:    Size  Location     Type
  x               3   76[BANK0 ] int 
 Auto vars:     Size  Location     Type
  exponent        2    6[BANK1 ] int 
  sign            1    8[BANK1 ] unsigned char 
 Return value:  Size  Location     Type
                  3   76[BANK0 ] unsigned char 
 Registers used:
		wreg, fsr0l, fsr0h, status,2, status,0, btemp+1, pclath, cstack
 Tracked objects:
		On entry : 
		On exit  : 
		Unchanged: 
 Data sizes:     COMMON   BANK0   BANK1   BANK3   BANK2
      Params:         0       3       0       0       0
      Locals:         0       0       9       0       0
      Temps:          0       1       0       0       0
      Totals:         0       4       9       0       0
Total ram usage:       13 bytes
 Hardware stack levels used:    1
 Hardware stack levels required when called:    3
 This function calls:
		___awtoft
		___ftdiv
		___ftge
		___ftmul
		___ftneg
		___ftsub
		___fttol
		_eval_poly
		_floor
		_ldexp
 This function is called by:
		_pow
 This function uses a non-reentrant model


 *************** function _ldexp *****************
 Defined at:
		line 277 in file "C:\Program Files (x86)\Microchip\xc8\v1.33\sources\common\frexp.c"
 Parameters:    Size  Location     Type
  value           3   55[BANK0 ] unsigned char 
  newexp          2   58[BANK0 ] int 
 Auto vars:     Size  Location     Type
		None
 Return value:  Size  Location     Type
                  3   55[BANK0 ] int 
 Registers used:
		wreg, status,2, status,0, btemp+1, pclath, cstack
 Tracked objects:
		On entry : 
		On exit  : 
		Unchanged: 
 Data sizes:     COMMON   BANK0   BANK1   BANK3   BANK2
      Params:         0       5       0       0       0
      Locals:         0       3       0       0       0
      Temps:          0       2       0       0       0
      Totals:         0      10       0       0       0
Total ram usage:       10 bytes
 Hardware stack levels used:    1
 Hardware stack levels required when called:    1
 This function calls:
		___ftge
		___ftneg
 This function is called by:
		_exp
 This function uses a non-reentrant model


 *************** function ___ftneg *****************
 Defined at:
		line 15 in file "C:\Program Files (x86)\Microchip\xc8\v1.33\sources\common\ftneg.c"
 Parameters:    Size  Location     Type
  f1              3    0[COMMON] float 
 Auto vars:     Size  Location     Type
		None
 Return value:  Size  Location     Type
                  3    0[COMMON] float 
 Registers used:
		wreg
 Tracked objects:
		On entry : 
		On exit  : 
		Unchanged: 
 Data sizes:     COMMON   BANK0   BANK1   BANK3   BANK2
      Params:         3       0       0       0       0
      Locals:         0       0       0       0       0
      Temps:          0       0       0       0       0
      Totals:         3       0       0       0       0
Total ram usage:        3 bytes
 Hardware stack levels used:    1
 This function calls:
		Nothing
 This function is called by:
		_pow
		_exp
		_ldexp
 This function uses a non-reentrant model


 *************** function _floor *****************
 Defined at:
		line 13 in file "C:\Program Files (x86)\Microchip\xc8\v1.33\sources\common\floor.c"
 Parameters:    Size  Location     Type
  x               3   67[BANK0 ] float 
 Auto vars:     Size  Location     Type
  i               3   71[BANK0 ] float 
  expon           2   74[BANK0 ] int 
 Return value:  Size  Location     Type
                  3   67[BANK0 ] int 
 Registers used:
		wreg, fsr0l, fsr0h, status,2, status,0, btemp+1, pclath, cstack
 Tracked objects:
		On entry : 
		On exit  : 
		Unchanged: 
 Data sizes:     COMMON   BANK0   BANK1   BANK3   BANK2
      Params:         0       3       0       0       0
      Locals:         0       5       0       0       0
      Temps:          0       1       0       0       0
      Totals:         0       9       0       0       0
Total ram usage:        9 bytes
 Hardware stack levels used:    1
 Hardware stack levels required when called:    2
 This function calls:
		___altoft
		___ftadd
		___ftge
		___fttol
		_frexp
 This function is called by:
		_exp
 This function uses a non-reentrant model


 *************** function _frexp *****************
 Defined at:
		line 254 in file "C:\Program Files (x86)\Microchip\xc8\v1.33\sources\common\frexp.c"
 Parameters:    Size  Location     Type
  value           3    0[COMMON] int 
  eptr            1    3[COMMON] PTR int 
		 -> log@exponent(2), floor@expon(2), 
 Auto vars:     Size  Location     Type
		None
 Return value:  Size  Location     Type
                  3    0[COMMON] PTR int 
 Registers used:
		wreg, fsr0l, fsr0h, status,2, status,0, btemp+1
 Tracked objects:
		On entry : 
		On exit  : 
		Unchanged: 
 Data sizes:     COMMON   BANK0   BANK1   BANK3   BANK2
      Params:         4       0       0       0       0
      Locals:         0       0       0       0       0
      Temps:          2       0       0       0       0
      Totals:         6       0       0       0       0
Total ram usage:        6 bytes
 Hardware stack levels used:    1
 This function calls:
		Nothing
 This function is called by:
		_floor
		_log
 This function uses a non-reentrant model


 *************** function ___ftge *****************
 Defined at:
		line 4 in file "C:\Program Files (x86)\Microchip\xc8\v1.33\sources\common\ftge.c"
 Parameters:    Size  Location     Type
  ff1             3    0[COMMON] float 
  ff2             3    3[COMMON] float 
 Auto vars:     Size  Location     Type
		None
 Return value:  Size  Location     Type
		None               void
 Registers used:
		wreg, status,2, status,0
 Tracked objects:
		On entry : 
		On exit  : 
		Unchanged: 
 Data sizes:     COMMON   BANK0   BANK1   BANK3   BANK2
      Params:         6       0       0       0       0
      Locals:         0       0       0       0       0
      Temps:          6       0       0       0       0
      Totals:        12       0       0       0       0
Total ram usage:       12 bytes
 Hardware stack levels used:    1
 This function calls:
		Nothing
 This function is called by:
		_pow
		_exp
		_floor
		_ldexp
		_log
 This function uses a non-reentrant model


 *************** function ___altoft *****************
 Defined at:
		line 42 in file "C:\Program Files (x86)\Microchip\xc8\v1.33\sources\common\altoft.c"
 Parameters:    Size  Location     Type
  c               4   59[BANK0 ] long 
 Auto vars:     Size  Location     Type
  sign            1   66[BANK0 ] unsigned char 
  exp             1   65[BANK0 ] unsigned char 
 Return value:  Size  Location     Type
                  3   59[BANK0 ] float 
 Registers used:
		wreg, status,2, status,0, pclath, cstack
 Tracked objects:
		On entry : 
		On exit  : 
		Unchanged: 
 Data sizes:     COMMON   BANK0   BANK1   BANK3   BANK2
      Params:         0       4       0       0       0
      Locals:         0       2       0       0       0
      Temps:          0       2       0       0       0
      Totals:         0       8       0       0       0
Total ram usage:        8 bytes
 Hardware stack levels used:    1
 Hardware stack levels required when called:    1
 This function calls:
		___ftpack
 This function is called by:
		_floor
 This function uses a non-reentrant model


 *************** function _eval_poly *****************
 Defined at:
		line 4 in file "C:\Program Files (x86)\Microchip\xc8\v1.33\sources\common\evalpoly.c"
 Parameters:    Size  Location     Type
  x               3   45[BANK0 ] float 
  d               1   48[BANK0 ] PTR const 
		 -> log@coeff(27), exp@coeff(30), 
  n               2   49[BANK0 ] int 
 Auto vars:     Size  Location     Type
  res             3   52[BANK0 ] int 
 Return value:  Size  Location     Type
                  3   45[BANK0 ] int 
 Registers used:
		wreg, fsr0l, fsr0h, status,2, status,0, pclath, cstack
 Tracked objects:
		On entry : 
		On exit  : 
		Unchanged: 
 Data sizes:     COMMON   BANK0   BANK1   BANK3   BANK2
      Params:         0       6       0       0       0
      Locals:         0       3       0       0       0
      Temps:          0       1       0       0       0
      Totals:         0      10       0       0       0
Total ram usage:       10 bytes
 Hardware stack levels used:    1
 Hardware stack levels required when called:    2
 This function calls:
		___bmul
		___ftadd
		___ftmul
 This function is called by:
		_exp
		_log
 This function uses a non-reentrant model


 *************** function ___ftmul *****************
 Defined at:
		line 62 in file "C:\Program Files (x86)\Microchip\xc8\v1.33\sources\common\ftmul.c"
 Parameters:    Size  Location     Type
  f1              3   16[BANK0 ] float 
  f2              3   19[BANK0 ] float 
 Auto vars:     Size  Location     Type
  f3_as_produc    3   27[BANK0 ] unsigned um
  sign            1   31[BANK0 ] unsigned char 
  cntr            1   30[BANK0 ] unsigned char 
  exp             1   26[BANK0 ] unsigned char 
 Return value:  Size  Location     Type
                  3   16[BANK0 ] float 
 Registers used:
		wreg, status,2, status,0, pclath, cstack
 Tracked objects:
		On entry : 
		On exit  : 
		Unchanged: 
 Data sizes:     COMMON   BANK0   BANK1   BANK3   BANK2
      Params:         0       6       0       0       0
      Locals:         0       6       0       0       0
      Temps:          0       4       0       0       0
      Totals:         0      16       0       0       0
Total ram usage:       16 bytes
 Hardware stack levels used:    1
 Hardware stack levels required when called:    1
 This function calls:
		___ftpack
 This function is called by:
		_main
		_pow
		_exp
		_log
		_eval_poly
 This function uses a non-reentrant model


 *************** function ___bmul *****************
 Defined at:
		line 4 in file "C:\Program Files (x86)\Microchip\xc8\v1.33\sources\common\Umul8.c"
 Parameters:    Size  Location     Type
  multiplier      1    wreg     unsigned char 
  multiplicand    1    0[COMMON] unsigned char 
 Auto vars:     Size  Location     Type
  multiplier      1    3[COMMON] unsigned char 
  product         1    2[COMMON] unsigned char 
 Return value:  Size  Location     Type
                  1    wreg      unsigned char 
 Registers used:
		wreg, status,2, status,0
 Tracked objects:
		On entry : 
		On exit  : 
		Unchanged: 
 Data sizes:     COMMON   BANK0   BANK1   BANK3   BANK2
      Params:         1       0       0       0       0
      Locals:         2       0       0       0       0
      Temps:          1       0       0       0       0
      Totals:         4       0       0       0       0
Total ram usage:        4 bytes
 Hardware stack levels used:    1
 This function calls:
		Nothing
 This function is called by:
		_eval_poly
 This function uses a non-reentrant model


 *************** function ___ftsub *****************
 Defined at:
		line 18 in file "C:\Program Files (x86)\Microchip\xc8\v1.33\sources\common\ftsub.c"
 Parameters:    Size  Location     Type
  f2              3   45[BANK0 ] float 
  f1              3   48[BANK0 ] float 
 Auto vars:     Size  Location     Type
		None
 Return value:  Size  Location     Type
                  3   45[BANK0 ] float 
 Registers used:
		wreg, status,2, status,0, pclath, cstack
 Tracked objects:
		On entry : 
		On exit  : 
		Unchanged: 
 Data sizes:     COMMON   BANK0   BANK1   BANK3   BANK2
      Params:         0       6       0       0       0
      Locals:         0       0       0       0       0
      Temps:          0       0       0       0       0
      Totals:         0       6       0       0       0
Total ram usage:        6 bytes
 Hardware stack levels used:    1
 Hardware stack levels required when called:    2
 This function calls:
		___ftadd
 This function is called by:
		_exp
 This function uses a non-reentrant model


 *************** function ___ftadd *****************
 Defined at:
		line 86 in file "C:\Program Files (x86)\Microchip\xc8\v1.33\sources\common\ftadd.c"
 Parameters:    Size  Location     Type
  f1              3   32[BANK0 ] float 
  f2              3   35[BANK0 ] float 
 Auto vars:     Size  Location     Type
  exp1            1   44[BANK0 ] unsigned char 
  exp2            1   43[BANK0 ] unsigned char 
  sign            1   42[BANK0 ] unsigned char 
 Return value:  Size  Location     Type
                  3   32[BANK0 ] float 
 Registers used:
		wreg, status,2, status,0, pclath, cstack
 Tracked objects:
		On entry : 
		On exit  : 
		Unchanged: 
 Data sizes:     COMMON   BANK0   BANK1   BANK3   BANK2
      Params:         0       6       0       0       0
      Locals:         0       3       0       0       0
      Temps:          0       4       0       0       0
      Totals:         0      13       0       0       0
Total ram usage:       13 bytes
 Hardware stack levels used:    1
 Hardware stack levels required when called:    1
 This function calls:
		___ftpack
 This function is called by:
		_main
		___ftsub
		_floor
		_log
		_eval_poly
 This function uses a non-reentrant model


 *************** function ___ftdiv *****************
 Defined at:
		line 49 in file "C:\Program Files (x86)\Microchip\xc8\v1.33\sources\pic\ftdiv.c"
 Parameters:    Size  Location     Type
  f2              3    0[BANK0 ] float 
  f1              3    3[BANK0 ] float 
 Auto vars:     Size  Location     Type
  f3              3   11[BANK0 ] float 
  sign            1   15[BANK0 ] unsigned char 
  exp             1   14[BANK0 ] unsigned char 
  cntr            1   10[BANK0 ] unsigned char 
 Return value:  Size  Location     Type
                  3    0[BANK0 ] float 
 Registers used:
		wreg, status,2, status,0, pclath, cstack
 Tracked objects:
		On entry : 
		On exit  : 
		Unchanged: 
 Data sizes:     COMMON   BANK0   BANK1   BANK3   BANK2
      Params:         0       6       0       0       0
      Locals:         0       6       0       0       0
      Temps:          0       4       0       0       0
      Totals:         0      16       0       0       0
Total ram usage:       16 bytes
 Hardware stack levels used:    1
 Hardware stack levels required when called:    1
 This function calls:
		___ftpack
 This function is called by:
		_main
		_exp
 This function uses a non-reentrant model


 *************** function ___awtoft *****************
 Defined at:
		line 32 in file "C:\Program Files (x86)\Microchip\xc8\v1.33\sources\common\awtoft.c"
 Parameters:    Size  Location     Type
  c               2    8[COMMON] int 
 Auto vars:     Size  Location     Type
  sign            1   13[COMMON] unsigned char 
 Return value:  Size  Location     Type
                  3    8[COMMON] float 
 Registers used:
		wreg, status,2, status,0, pclath, cstack
 Tracked objects:
		On entry : 
		On exit  : 
		Unchanged: 
 Data sizes:     COMMON   BANK0   BANK1   BANK3   BANK2
      Params:         3       0       0       0       0
      Locals:         1       0       0       0       0
      Temps:          2       0       0       0       0
      Totals:         6       0       0       0       0
Total ram usage:        6 bytes
 Hardware stack levels used:    1
 Hardware stack levels required when called:    1
 This function calls:
		___ftpack
 This function is called by:
		_main
		_exp
		_log
 This function uses a non-reentrant model


 *************** function ___lltoft *****************
 Defined at:
		line 35 in file "C:\Program Files (x86)\Microchip\xc8\v1.33\sources\common\lltoft.c"
 Parameters:    Size  Location     Type
  c               4    8[COMMON] unsigned long 
 Auto vars:     Size  Location     Type
  exp             1   13[COMMON] unsigned char 
 Return value:  Size  Location     Type
                  3    8[COMMON] float 
 Registers used:
		wreg, status,2, status,0, pclath, cstack
 Tracked objects:
		On entry : 
		On exit  : 
		Unchanged: 
 Data sizes:     COMMON   BANK0   BANK1   BANK3   BANK2
      Params:         4       0       0       0       0
      Locals:         1       0       0       0       0
      Temps:          1       0       0       0       0
      Totals:         6       0       0       0       0
Total ram usage:        6 bytes
 Hardware stack levels used:    1
 Hardware stack levels required when called:    1
 This function calls:
		___ftpack
 This function is called by:
		_pow
 This function uses a non-reentrant model


 *************** function _init_I2C_Master *****************
 Defined at:
		line 212 in file "Z:\CPE3201_SANIEL\PracticalActivities\PA7\LE7-3.c"
 Parameters:    Size  Location     Type
		None
 Auto vars:     Size  Location     Type
		None
 Return value:  Size  Location     Type
		None               void
 Registers used:
		wreg, status,2
 Tracked objects:
		On entry : 
		On exit  : 
		Unchanged: 
 Data sizes:     COMMON   BANK0   BANK1   BANK3   BANK2
      Params:         0       0       0       0       0
      Locals:         0       0       0       0       0
      Temps:          0       0       0       0       0
      Totals:         0       0       0       0       0
Total ram usage:        0 bytes
 Hardware stack levels used:    1
 This function calls:
		Nothing
 This function is called by:
		_main
 This function uses a non-reentrant model


 *************** function _initLCD *****************
 Defined at:
		line 133 in file "Z:\CPE3201_SANIEL\PracticalActivities\PA7\LE7-3.c"
 Parameters:    Size  Location     Type
		None
 Auto vars:     Size  Location     Type
		None
 Return value:  Size  Location     Type
		None               void
 Registers used:
		wreg, status,2, status,0, btemp+1, pclath, cstack
 Tracked objects:
		On entry : 
		On exit  : 
		Unchanged: 
 Data sizes:     COMMON   BANK0   BANK1   BANK3   BANK2
      Params:         0       0       0       0       0
      Locals:         0       0       0       0       0
      Temps:          0       0       0       0       0
      Totals:         0       0       0       0       0
Total ram usage:        0 bytes
 Hardware stack levels used:    1
 Hardware stack levels required when called:    2
 This function calls:
		_dataCtrl
		_delay_ms
		_instCtrl
 This function is called by:
		_main
 This function uses a non-reentrant model


 *************** function _dispT *****************
 Defined at:
		line 192 in file "Z:\CPE3201_SANIEL\PracticalActivities\PA7\LE7-3.c"
 Parameters:    Size  Location     Type
		None
 Auto vars:     Size  Location     Type
  i               2   10[BANK1 ] int 
  val            10    0[BANK1 ] unsigned char [10]
 Return value:  Size  Location     Type
		None               void
 Registers used:
		wreg, fsr0l, fsr0h, status,2, status,0, btemp+1, pclath, cstack
 Tracked objects:
		On entry : 
		On exit  : 
		Unchanged: 
 Data sizes:     COMMON   BANK0   BANK1   BANK3   BANK2
      Params:         0       0       0       0       0
      Locals:         0       0      12       0       0
      Temps:          0       1       0       0       0
      Totals:         0       1      12       0       0
Total ram usage:       13 bytes
 Hardware stack levels used:    1
 Hardware stack levels required when called:    2
 This function calls:
		___fttol
		_dataCtrl
		_instCtrl
		_sprintf
 This function is called by:
		_main
 This function uses a non-reentrant model


 *************** function ___fttol *****************
 Defined at:
		line 44 in file "C:\Program Files (x86)\Microchip\xc8\v1.33\sources\common\fttol.c"
 Parameters:    Size  Location     Type
  f1              3   45[BANK0 ] float 
 Auto vars:     Size  Location     Type
  lval            4   54[BANK0 ] unsigned long 
  exp1            1   58[BANK0 ] unsigned char 
  sign1           1   53[BANK0 ] unsigned char 
 Return value:  Size  Location     Type
                  4   45[BANK0 ] long 
 Registers used:
		wreg, status,2, status,0
 Tracked objects:
		On entry : 
		On exit  : 
		Unchanged: 
 Data sizes:     COMMON   BANK0   BANK1   BANK3   BANK2
      Params:         0       4       0       0       0
      Locals:         0       6       0       0       0
      Temps:          0       4       0       0       0
      Totals:         0      14       0       0       0
Total ram usage:       14 bytes
 Hardware stack levels used:    1
 This function calls:
		Nothing
 This function is called by:
		_main
		_dispT
		_pow
		_exp
		_floor
 This function uses a non-reentrant model


 *************** function _dispRH *****************
 Defined at:
		line 176 in file "Z:\CPE3201_SANIEL\PracticalActivities\PA7\LE7-3.c"
 Parameters:    Size  Location     Type
		None
 Auto vars:     Size  Location     Type
  i               2   10[BANK1 ] int 
  val            10    0[BANK1 ] unsigned char [10]
 Return value:  Size  Location     Type
		None               void
 Registers used:
		wreg, fsr0l, fsr0h, status,2, status,0, btemp+1, pclath, cstack
 Tracked objects:
		On entry : 
		On exit  : 
		Unchanged: 
 Data sizes:     COMMON   BANK0   BANK1   BANK3   BANK2
      Params:         0       0       0       0       0
      Locals:         0       0      12       0       0
      Temps:          0       1       0       0       0
      Totals:         0       1      12       0       0
Total ram usage:       13 bytes
 Hardware stack levels used:    1
 Hardware stack levels required when called:    2
 This function calls:
		_dataCtrl
		_instCtrl
		_sprintf
 This function is called by:
		_main
 This function uses a non-reentrant model


 *************** function _sprintf *****************
 Defined at:
		line 492 in file "C:\Program Files (x86)\Microchip\xc8\v1.33\sources\common\doprnt.c"
 Parameters:    Size  Location     Type
  sp              1    wreg     PTR unsigned char 
		 -> dispT@val(10), dispRH@val(10), 
  f               1   59[BANK0 ] PTR const unsigned char 
		 -> STR_2(3), STR_1(3), 
 Auto vars:     Size  Location     Type
  sp              1   72[BANK0 ] PTR unsigned char 
		 -> dispT@val(10), dispRH@val(10), 
  _val            4   68[BANK0 ] struct .
  c               1   73[BANK0 ] char 
  prec            1   67[BANK0 ] char 
  flag            1   66[BANK0 ] unsigned char 
  ap              1   65[BANK0 ] PTR void [1]
		 -> ?_sprintf(2), 
 Return value:  Size  Location     Type
                  2   59[BANK0 ] int 
 Registers used:
		wreg, fsr0l, fsr0h, status,2, status,0, btemp+1, pclath, cstack
 Tracked objects:
		On entry : 
		On exit  : 
		Unchanged: 
 Data sizes:     COMMON   BANK0   BANK1   BANK3   BANK2
      Params:         0       3       0       0       0
      Locals:         0       9       0       0       0
      Temps:          0       3       0       0       0
      Totals:         0      15       0       0       0
Total ram usage:       15 bytes
 Hardware stack levels used:    1
 Hardware stack levels required when called:    1
 This function calls:
		___lwdiv
		___lwmod
 This function is called by:
		_dispRH
		_dispT
 This function uses a non-reentrant model


 *************** function ___lwmod *****************
 Defined at:
		line 6 in file "C:\Program Files (x86)\Microchip\xc8\v1.33\sources\common\lwmod.c"
 Parameters:    Size  Location     Type
  divisor         2    8[COMMON] unsigned int 
  dividend        2   10[COMMON] unsigned int 
 Auto vars:     Size  Location     Type
  counter         1   13[COMMON] unsigned char 
 Return value:  Size  Location     Type
                  2    8[COMMON] unsigned int 
 Registers used:
		wreg, status,2, status,0
 Tracked objects:
		On entry : 
		On exit  : 
		Unchanged: 
 Data sizes:     COMMON   BANK0   BANK1   BANK3   BANK2
      Params:         4       0       0       0       0
      Locals:         1       0       0       0       0
      Temps:          1       0       0       0       0
      Totals:         6       0       0       0       0
Total ram usage:        6 bytes
 Hardware stack levels used:    1
 This function calls:
		Nothing
 This function is called by:
		_sprintf
 This function uses a non-reentrant model


 *************** function ___lwdiv *****************
 Defined at:
		line 6 in file "C:\Program Files (x86)\Microchip\xc8\v1.33\sources\common\lwdiv.c"
 Parameters:    Size  Location     Type
  divisor         2    0[COMMON] unsigned int 
  dividend        2    2[COMMON] unsigned int 
 Auto vars:     Size  Location     Type
  quotient        2    5[COMMON] unsigned int 
  counter         1    7[COMMON] unsigned char 
 Return value:  Size  Location     Type
                  2    0[COMMON] unsigned int 
 Registers used:
		wreg, status,2, status,0
 Tracked objects:
		On entry : 
		On exit  : 
		Unchanged: 
 Data sizes:     COMMON   BANK0   BANK1   BANK3   BANK2
      Params:         4       0       0       0       0
      Locals:         3       0       0       0       0
      Temps:          1       0       0       0       0
      Totals:         8       0       0       0       0
Total ram usage:        8 bytes
 Hardware stack levels used:    1
 This function calls:
		Nothing
 This function is called by:
		_sprintf
 This function uses a non-reentrant model


 *************** function _instCtrl *****************
 Defined at:
		line 124 in file "Z:\CPE3201_SANIEL\PracticalActivities\PA7\LE7-3.c"
 Parameters:    Size  Location     Type
  INST            1    wreg     unsigned char 
 Auto vars:     Size  Location     Type
  INST            1    3[COMMON] unsigned char 
 Return value:  Size  Location     Type
		None               void
 Registers used:
		wreg, status,2, status,0, btemp+1, pclath, cstack
 Tracked objects:
		On entry : 
		On exit  : 
		Unchanged: 
 Data sizes:     COMMON   BANK0   BANK1   BANK3   BANK2
      Params:         0       0       0       0       0
      Locals:         1       0       0       0       0
      Temps:          0       0       0       0       0
      Totals:         1       0       0       0       0
Total ram usage:        1 bytes
 Hardware stack levels used:    1
 Hardware stack levels required when called:    1
 This function calls:
		_delay_ms
 This function is called by:
		_initLCD
		_dispRH
		_dispT
 This function uses a non-reentrant model


 *************** function _dataCtrl *****************
 Defined at:
		line 167 in file "Z:\CPE3201_SANIEL\PracticalActivities\PA7\LE7-3.c"
 Parameters:    Size  Location     Type
  DATA            1    wreg     unsigned char 
 Auto vars:     Size  Location     Type
  DATA            1    3[COMMON] unsigned char 
 Return value:  Size  Location     Type
		None               void
 Registers used:
		wreg, status,2, status,0, btemp+1, pclath, cstack
 Tracked objects:
		On entry : 
		On exit  : 
		Unchanged: 
 Data sizes:     COMMON   BANK0   BANK1   BANK3   BANK2
      Params:         0       0       0       0       0
      Locals:         1       0       0       0       0
      Temps:          0       0       0       0       0
      Totals:         1       0       0       0       0
Total ram usage:        1 bytes
 Hardware stack levels used:    1
 Hardware stack levels required when called:    1
 This function calls:
		_delay_ms
 This function is called by:
		_initLCD
		_dispRH
		_dispT
 This function uses a non-reentrant model


 *************** function _delay_ms *****************
 Defined at:
		line 115 in file "Z:\CPE3201_SANIEL\PracticalActivities\PA7\LE7-3.c"
 Parameters:    Size  Location     Type
  cnt             2    0[COMMON] int 
 Auto vars:     Size  Location     Type
		None
 Return value:  Size  Location     Type
		None               void
 Registers used:
		wreg, btemp+1
 Tracked objects:
		On entry : 
		On exit  : 
		Unchanged: 
 Data sizes:     COMMON   BANK0   BANK1   BANK3   BANK2
      Params:         2       0       0       0       0
      Locals:         0       0       0       0       0
      Temps:          1       0       0       0       0
      Totals:         3       0       0       0       0
Total ram usage:        3 bytes
 Hardware stack levels used:    1
 This function calls:
		Nothing
 This function is called by:
		_main
		_instCtrl
		_initLCD
		_dataCtrl
 This function uses a non-reentrant model


 *************** function ___lwtoft *****************
 Defined at:
		line 28 in file "C:\Program Files (x86)\Microchip\xc8\v1.33\sources\common\lwtoft.c"
 Parameters:    Size  Location     Type
  c               2    8[COMMON] unsigned int 
 Auto vars:     Size  Location     Type
		None
 Return value:  Size  Location     Type
                  3    8[COMMON] float 
 Registers used:
		wreg, status,2, status,0, pclath, cstack
 Tracked objects:
		On entry : 
		On exit  : 
		Unchanged: 
 Data sizes:     COMMON   BANK0   BANK1   BANK3   BANK2
      Params:         3       0       0       0       0
      Locals:         0       0       0       0       0
      Temps:          1       0       0       0       0
      Totals:         4       0       0       0       0
Total ram usage:        4 bytes
 Hardware stack levels used:    1
 Hardware stack levels required when called:    1
 This function calls:
		___ftpack
 This function is called by:
		_main
 This function uses a non-reentrant model


 *************** function ___ftpack *****************
 Defined at:
		line 62 in file "C:\Program Files (x86)\Microchip\xc8\v1.33\sources\common\float.c"
 Parameters:    Size  Location     Type
  arg             3    0[COMMON] unsigned um
  exp             1    3[COMMON] unsigned char 
  sign            1    4[COMMON] unsigned char 
 Auto vars:     Size  Location     Type
		None
 Return value:  Size  Location     Type
                  3    0[COMMON] float 
 Registers used:
		wreg, status,2, status,0
 Tracked objects:
		On entry : 
		On exit  : 
		Unchanged: 
 Data sizes:     COMMON   BANK0   BANK1   BANK3   BANK2
      Params:         5       0       0       0       0
      Locals:         0       0       0       0       0
      Temps:          3       0       0       0       0
      Totals:         8       0       0       0       0
Total ram usage:        8 bytes
 Hardware stack levels used:    1
 This function calls:
		Nothing
 This function is called by:
		___altoft
		___awtoft
		___ftadd
		___ftdiv
		___ftmul
		___lltoft
		___lwtoft
 This function uses a non-reentrant model


 *************** function _I2C_Stop *****************
 Defined at:
		line 236 in file "Z:\CPE3201_SANIEL\PracticalActivities\PA7\LE7-3.c"
 Parameters:    Size  Location     Type
		None
 Auto vars:     Size  Location     Type
		None
 Return value:  Size  Location     Type
		None               void
 Registers used:
		wreg, status,2, status,0, pclath, cstack
 Tracked objects:
		On entry : 
		On exit  : 
		Unchanged: 
 Data sizes:     COMMON   BANK0   BANK1   BANK3   BANK2
      Params:         0       0       0       0       0
      Locals:         0       0       0       0       0
      Temps:          0       0       0       0       0
      Totals:         0       0       0       0       0
Total ram usage:        0 bytes
 Hardware stack levels used:    1
 Hardware stack levels required when called:    1
 This function calls:
		_I2C_Wait
 This function is called by:
		_main
 This function uses a non-reentrant model


 *************** function _I2C_Start *****************
 Defined at:
		line 229 in file "Z:\CPE3201_SANIEL\PracticalActivities\PA7\LE7-3.c"
 Parameters:    Size  Location     Type
		None
 Auto vars:     Size  Location     Type
		None
 Return value:  Size  Location     Type
		None               void
 Registers used:
		wreg, status,2, status,0, pclath, cstack
 Tracked objects:
		On entry : 
		On exit  : 
		Unchanged: 
 Data sizes:     COMMON   BANK0   BANK1   BANK3   BANK2
      Params:         0       0       0       0       0
      Locals:         0       0       0       0       0
      Temps:          0       0       0       0       0
      Totals:         0       0       0       0       0
Total ram usage:        0 bytes
 Hardware stack levels used:    1
 Hardware stack levels required when called:    1
 This function calls:
		_I2C_Wait
 This function is called by:
		_main
 This function uses a non-reentrant model


 *************** function _I2C_Send *****************
 Defined at:
		line 250 in file "Z:\CPE3201_SANIEL\PracticalActivities\PA7\LE7-3.c"
 Parameters:    Size  Location     Type
  data            1    wreg     unsigned char 
 Auto vars:     Size  Location     Type
  data            1    0[COMMON] unsigned char 
 Return value:  Size  Location     Type
		None               void
 Registers used:
		wreg, status,2, status,0, pclath, cstack
 Tracked objects:
		On entry : 
		On exit  : 
		Unchanged: 
 Data sizes:     COMMON   BANK0   BANK1   BANK3   BANK2
      Params:         0       0       0       0       0
      Locals:         1       0       0       0       0
      Temps:          0       0       0       0       0
      Totals:         1       0       0       0       0
Total ram usage:        1 bytes
 Hardware stack levels used:    1
 Hardware stack levels required when called:    1
 This function calls:
		_I2C_Wait
 This function is called by:
		_main
 This function uses a non-reentrant model


 *************** function _I2C_RepeatedStart *****************
 Defined at:
		line 243 in file "Z:\CPE3201_SANIEL\PracticalActivities\PA7\LE7-3.c"
 Parameters:    Size  Location     Type
		None
 Auto vars:     Size  Location     Type
		None
 Return value:  Size  Location     Type
		None               void
 Registers used:
		wreg, status,2, status,0, pclath, cstack
 Tracked objects:
		On entry : 
		On exit  : 
		Unchanged: 
 Data sizes:     COMMON   BANK0   BANK1   BANK3   BANK2
      Params:         0       0       0       0       0
      Locals:         0       0       0       0       0
      Temps:          0       0       0       0       0
      Totals:         0       0       0       0       0
Total ram usage:        0 bytes
 Hardware stack levels used:    1
 Hardware stack levels required when called:    1
 This function calls:
		_I2C_Wait
 This function is called by:
		_main
 This function uses a non-reentrant model


 *************** function _I2C_Receive *****************
 Defined at:
		line 257 in file "Z:\CPE3201_SANIEL\PracticalActivities\PA7\LE7-3.c"
 Parameters:    Size  Location     Type
  ack             1    wreg     unsigned char 
 Auto vars:     Size  Location     Type
  ack             1    1[COMMON] unsigned char 
  temp            1    2[COMMON] unsigned char 
 Return value:  Size  Location     Type
                  1    wreg      unsigned char 
 Registers used:
		wreg, status,2, status,0, pclath, cstack
 Tracked objects:
		On entry : 
		On exit  : 
		Unchanged: 
 Data sizes:     COMMON   BANK0   BANK1   BANK3   BANK2
      Params:         0       0       0       0       0
      Locals:         2       0       0       0       0
      Temps:          1       0       0       0       0
      Totals:         3       0       0       0       0
Total ram usage:        3 bytes
 Hardware stack levels used:    1
 Hardware stack levels required when called:    1
 This function calls:
		_I2C_Wait
 This function is called by:
		_main
 This function uses a non-reentrant model


 *************** function _I2C_Wait *****************
 Defined at:
		line 223 in file "Z:\CPE3201_SANIEL\PracticalActivities\PA7\LE7-3.c"
 Parameters:    Size  Location     Type
		None
 Auto vars:     Size  Location     Type
		None
 Return value:  Size  Location     Type
		None               void
 Registers used:
		wreg, status,2
 Tracked objects:
		On entry : 
		On exit  : 
		Unchanged: 
 Data sizes:     COMMON   BANK0   BANK1   BANK3   BANK2
      Params:         0       0       0       0       0
      Locals:         0       0       0       0       0
      Temps:          0       0       0       0       0
      Totals:         0       0       0       0       0
Total ram usage:        0 bytes
 Hardware stack levels used:    1
 This function calls:
		Nothing
 This function is called by:
		_I2C_Start
		_I2C_Stop
		_I2C_RepeatedStart
		_I2C_Send
		_I2C_Receive
 This function uses a non-reentrant model



MODULE INFORMATION

Module		Function		Class		Link	Load	Size
Z:\CPE3201_SANIEL\PracticalActivities\PA7\LE7-3.c
		_I2C_RepeatedSt		CODE           	17BB	0000	7
		_main          		CODE           	05B3	0000	576
		_instCtrl      		CODE           	0896	0000	27
		_dataCtrl      		CODE           	0857	0000	18
		_dispT         		CODE           	0ABE	0000	102
		_init_I2C_Maste		CODE           	17E0	0000	15
		_I2C_Stop      		CODE           	17C9	0000	7
		_I2C_Wait      		CODE           	17D0	0000	8
		_I2C_Send      		CODE           	084E	0000	9
		_delay_ms      		CODE           	087D	0000	25
		_dispRH        		CODE           	0A12	0000	79
		_I2C_Start     		CODE           	17C2	0000	7
		_initLCD       		CODE           	0DC5	0000	179
		_I2C_Receive   		CODE           	08CD	0000	38

Z:\CPE3201_SANIEL\PracticalActivities\PA7\LE7-3.c estimated size: 1097

C:\Program Files (x86)\Microchip\xc8\v1.33\sources\common\ftneg.c
		___ftneg       		CODE           	17D8	0000	8

C:\Program Files (x86)\Microchip\xc8\v1.33\sources\common\ftneg.c estimated size: 8

C:\Program Files (x86)\Microchip\xc8\v1.33\sources\common\ftge.c
		___ftge        		CODE           	0A61	0000	93

C:\Program Files (x86)\Microchip\xc8\v1.33\sources\common\ftge.c estimated size: 93

C:\Program Files (x86)\Microchip\xc8\v1.33\sources\common\doprnt.c
		_sprintf       		CODE           	00F8	0000	217

C:\Program Files (x86)\Microchip\xc8\v1.33\sources\common\doprnt.c estimated size: 217

C:\Program Files (x86)\Microchip\xc8\v1.33\sources\common\ftsub.c
		___ftsub       		CODE           	08B1	0000	28

C:\Program Files (x86)\Microchip\xc8\v1.33\sources\common\ftsub.c estimated size: 28

C:\Program Files (x86)\Microchip\xc8\v1.33\sources\common\float.c
		___ftpack      		CODE           	0B24	0000	104

C:\Program Files (x86)\Microchip\xc8\v1.33\sources\common\float.c estimated size: 104

C:\Program Files (x86)\Microchip\xc8\v1.33\sources\common\evalpoly.c
		_eval_poly     		CODE           	0B8C	0000	121

C:\Program Files (x86)\Microchip\xc8\v1.33\sources\common\evalpoly.c estimated size: 121

C:\Program Files (x86)\Microchip\xc8\v1.33\sources\common\lwmod.c
		___lwmod       		CODE           	091E	0000	52

C:\Program Files (x86)\Microchip\xc8\v1.33\sources\common\lwmod.c estimated size: 52

C:\Program Files (x86)\Microchip\xc8\v1.33\sources\common\log.c
		_log           		CODE           	0F30	0000	208

C:\Program Files (x86)\Microchip\xc8\v1.33\sources\common\log.c estimated size: 208

C:\Program Files (x86)\Microchip\xc8\v1.33\sources\common\frexp.c
		_ldexp         		CODE           	0D2C	0000	153
		_frexp         		CODE           	0990	0000	64

C:\Program Files (x86)\Microchip\xc8\v1.33\sources\common\frexp.c estimated size: 217

C:\Program Files (x86)\Microchip\xc8\v1.33\sources\common\pow.c
		_pow           		CODE           	02DA	0000	340

C:\Program Files (x86)\Microchip\xc8\v1.33\sources\common\pow.c estimated size: 340

C:\Program Files (x86)\Microchip\xc8\v1.33\sources\common\floor.c
		_floor         		CODE           	0C93	0000	153

C:\Program Files (x86)\Microchip\xc8\v1.33\sources\common\floor.c estimated size: 153

C:\Program Files (x86)\Microchip\xc8\v1.33\sources\common\ftmul.c
		___ftmul       		CODE           	0025	0000	211

C:\Program Files (x86)\Microchip\xc8\v1.33\sources\common\ftmul.c estimated size: 211

C:\Program Files (x86)\Microchip\xc8\v1.33\sources\common\lwdiv.c
		___lwdiv       		CODE           	0952	0000	62

C:\Program Files (x86)\Microchip\xc8\v1.33\sources\common\lwdiv.c estimated size: 62

shared
		exp@coeff      		STRING         	0810	0000	30
		__stringtab    		STRING         	0800	0000	6
		__stringdata   		STRING         	0849	0000	3
		_dpowers       		STRING         	0806	0000	10
		__initializatio		CODE           	07F3	0000	9
		log@coeff      		STRING         	082E	0000	27

shared estimated size: 85

C:\Program Files (x86)\Microchip\xc8\v1.33\sources\common\Umul8.c
		___bmul        		CODE           	17EF	0000	17

C:\Program Files (x86)\Microchip\xc8\v1.33\sources\common\Umul8.c estimated size: 17

C:\Program Files (x86)\Microchip\xc8\v1.33\sources\common\awtoft.c
		___awtoft      		CODE           	0004	0000	33

C:\Program Files (x86)\Microchip\xc8\v1.33\sources\common\awtoft.c estimated size: 33

C:\Program Files (x86)\Microchip\xc8\v1.33\sources\common\fttol.c
		___fttol       		CODE           	0C05	0000	142

C:\Program Files (x86)\Microchip\xc8\v1.33\sources\common\fttol.c estimated size: 142

C:\Program Files (x86)\Microchip\xc8\v1.33\sources\common\altoft.c
		___altoft      		CODE           	09D0	0000	66

C:\Program Files (x86)\Microchip\xc8\v1.33\sources\common\altoft.c estimated size: 66

C:\Program Files (x86)\Microchip\xc8\v1.33\sources\common\ftadd.c
		___ftadd       		CODE           	01D1	0000	265

C:\Program Files (x86)\Microchip\xc8\v1.33\sources\common\ftadd.c estimated size: 265

C:\Program Files (x86)\Microchip\xc8\v1.33\sources\pic\ftdiv.c
		___ftdiv       		CODE           	0E78	0000	184

C:\Program Files (x86)\Microchip\xc8\v1.33\sources\pic\ftdiv.c estimated size: 184

C:\Program Files (x86)\Microchip\xc8\v1.33\sources\common\lwtoft.c
		___lwtoft      		CODE           	0869	0000	20

C:\Program Files (x86)\Microchip\xc8\v1.33\sources\common\lwtoft.c estimated size: 20

C:\Program Files (x86)\Microchip\xc8\v1.33\sources\common\lltoft.c
		___lltoft      		CODE           	08F3	0000	43

C:\Program Files (x86)\Microchip\xc8\v1.33\sources\common\lltoft.c estimated size: 43

C:\Program Files (x86)\Microchip\xc8\v1.33\sources\common\exp.c
		_exp           		CODE           	042E	0000	389

C:\Program Files (x86)\Microchip\xc8\v1.33\sources\common\exp.c estimated size: 389

